<html>
<head>
	<title>&lt;Hello&gt; &amp; &lt;bye&gt; &quot;world&quot;!</title>
</head>
<body>
</body>
</html>
