<html>
<head>
	<title>Hello, Alice!</title>
</head>
<body>
</body>
</html>
